Removed Pin From Net: NetName=IMD_STATUS_OUTPUT Pin=U1-1
Removed Pin From Net: NetName=AMS_STATUS_OUTPUT Pin=U1-2
Removed Pin From Net: NetName=LATCH_OUT Pin=U1-3
Removed Pin From Net: NetName=RC_OUT_1 Pin=U1-4
Removed Pin From Net: NetName=IMD_STATUS_OUTPUT Pin=U1-5
Removed Pin From Net: NetName=IMD_LED_IN Pin=U1-6
Removed Pin From Net: NetName=GND Pin=U1-7
Removed Pin From Net: NetName=AMS_LED_IN Pin=U1-8
Removed Pin From Net: NetName=RC_OUT_1 Pin=U1-9
Removed Pin From Net: NetName=AMS_STATUS_OUTPUT Pin=U1-10
Removed Pin From Net: NetName=RC_OUT_1 Pin=U1-12
Removed Pin From Net: NetName=Relay_OUT Pin=U1-13
Removed Pin From Net: NetName=+5V Pin=U1-14
Removed Member From Class: ClassName=ASURT_LATCH_SCH Member=U10
Change Component Designator: OldDesignator=U10 NewDesignator=U1
Added Pin To Net: NetName=Relay_OUT Pin=D2-1
Added Pin To Net: NetName=RC_OUT_1 Pin=U1-4
Added Pin To Net: NetName=IMD_STATUS_OUTPUT Pin=U1-5
Added Pin To Net: NetName=IMD_LED_IN Pin=U1-6
Added Pin To Net: NetName=AMS_LED_IN Pin=U1-8
Added Pin To Net: NetName=RC_OUT_1 Pin=U1-9
Added Pin To Net: NetName=AMS_STATUS_OUTPUT Pin=U1-10
Added Pin To Net: NetName=LATCH_OUT Pin=U1-11
Added Pin To Net: NetName=IMD_STATUS_OUTPUT Pin=U1-12
Added Pin To Net: NetName=AMS_STATUS_OUTPUT Pin=U1-13
