Removed Pin From Net: NetName=IMD_STATUS_OUTPUT Pin=U1-1
Removed Pin From Net: NetName=AMS_STATUS_OUTPUT Pin=U1-2
Removed Pin From Net: NetName=LATCH_OUT Pin=U1-3
Removed Pin From Net: NetName=RC_OUT_1 Pin=U1-4
Removed Pin From Net: NetName=IMD_STATUS_OUTPUT Pin=U1-5
Removed Pin From Net: NetName=IMD_LED_IN Pin=U1-6
Removed Pin From Net: NetName=AMS_LED_IN Pin=U1-8
Removed Pin From Net: NetName=RC_OUT_1 Pin=U1-9
Removed Pin From Net: NetName=AMS_STATUS_OUTPUT Pin=U1-10
Removed Pin From Net: NetName=Relay_OUT_LED_IN Pin=U1-11
Removed Pin From Net: NetName=RC_OUT_1 Pin=U1-12
Removed Pin From Net: NetName=Relay_OUT Pin=U1-13
Removed Pin From Net: NetName=Reset_Button Pin=U3-1
Removed Pin From Net: NetName=Reset_Button Pin=U3-2
Removed Pin From Net: NetName=U3A_OUT Pin=U3-3
Removed Pin From Net: NetName=Reset_Button Pin=U3-4
Removed Pin From Net: NetName=Reset_Button Pin=U3-5
Removed Pin From Net: NetName=U3B_OUT Pin=U3-6
Removed Pin From Net: NetName=EXISTING_CLR_2 Pin=U3-8
Removed Pin From Net: NetName=IMD_REAL Pin=U3-9
Removed Pin From Net: NetName=U3B_OUT Pin=U3-10
Removed Pin From Net: NetName=EXISTING_CLR_1 Pin=U3-11
Removed Pin From Net: NetName=AMS_REAL Pin=U3-12
Removed Pin From Net: NetName=U3A_OUT Pin=U3-13
Added Component: Designator=U1(N0014A)
Add component (AddParameter): Name = "Bits(#)"; Value = "4"; VariantName = "[No Variations]"
Add component (AddParameter): Name = "Code_JEDEC"; Value = "MS-001"; VariantName = "[No Variations]"
Add component (AddParameter): Name = "DatasheetVersion"; Value = "SCHS274C"; VariantName = "[No Variations]"
Add component (AddParameter): Name = "F @ Nom Voltage(Max)(Mhz)"; Value = "70"; VariantName = "[No Variations]"
Add component (AddParameter): Name = "Generic Part Number"; Value = "CD74HC32"; VariantName = "[No Variations]"
Add component (AddParameter): Name = "ICC @ Nom Voltage(Max)(mA)"; Value = "0.02"; VariantName = "[No Variations]"
Add component (AddParameter): Name = "Input Type"; Value = "CMOS"; VariantName = "[No Variations]"
Add component (AddParameter): Name = "Manufacturer"; Value = "Texas Instruments"; VariantName = "[No Variations]"
Add component (AddParameter): Name = "Operating Temperature Range(C)"; Value = "-55 to 125"; VariantName = "[No Variations]"
Add component (AddParameter): Name = "Output Drive (IOL/IOH)(Max)(mA)"; Value = "5.2/-5.2"; VariantName = "[No Variations]"
Add component (AddParameter): Name = "Output Type"; Value = "CMOS"; VariantName = "[No Variations]"
Add component (AddParameter): Name = "PackageReference"; Value = "N0014A"; VariantName = "[No Variations]"
Add component (AddParameter): Name = "PackageVersion"; Value = "http://www.ti.com/lit/ml/mpdi002c/mpdi002c.pdf"; VariantName = "[No Variations]"
Add component (AddParameter): Name = "Rating"; Value = "Catalog"; VariantName = "[No Variations]"
Add component (AddParameter): Name = "tpd @ Nom Voltage(Max)(ns)"; Value = "23"; VariantName = "[No Variations]"
Add component (AddParameter): Name = "VCC(Max)(V)"; Value = "6"; VariantName = "[No Variations]"
Add component (AddParameter): Name = "VCC(Min)(V)"; Value = "2"; VariantName = "[No Variations]"
Add component (AddParameter): Name = "Voltage(Nom)(V)"; Value = "5"; VariantName = "[No Variations]"
Added Component: Designator=U3(NXP-SOT27-1-14)
Add component (AddParameter): Name = "ComponentLink1Description"; Value = "Manufacturer URL"; VariantName = "[No Variations]"
Add component (AddParameter): Name = "ComponentLink1URL"; Value = "http://www.nxp.com/"; VariantName = "[No Variations]"
Add component (AddParameter): Name = "ComponentLink2Description"; Value = "Datasheet"; VariantName = "[No Variations]"
Add component (AddParameter): Name = "ComponentLink2URL"; Value = "http://www.nxp.com/documents/data_sheet/74HC_HCT00.pdf"; VariantName = "[No Variations]"
Add component (AddParameter): Name = "ComponentLink3Description"; Value = "Package Specification"; VariantName = "[No Variations]"
Add component (AddParameter): Name = "ComponentLink3URL"; Value = "http://www.nxp.com/documents/outline_drawing/sot027-1_po.pdf"; VariantName = "[No Variations]"
Add component (AddParameter): Name = "DatasheetVersion"; Value = "Rev. 6"; VariantName = "[No Variations]"
Add component (AddParameter): Name = "fmax (MHz)"; Value = "36"; VariantName = "[No Variations]"
Add component (AddParameter): Name = "Input levels"; Value = "CMOS"; VariantName = "[No Variations]"
Add component (AddParameter): Name = "Manufacturer"; Value = "NXP Semiconductors"; VariantName = "[No Variations]"
Add component (AddParameter): Name = "Mounting Technology"; Value = "Through Hole"; VariantName = "[No Variations]"
Add component (AddParameter): Name = "Nr of bits"; Value = "4"; VariantName = "[No Variations]"
Add component (AddParameter): Name = "Output drive capability (mA)"; Value = "+/- 5.2"; VariantName = "[No Variations]"
Add component (AddParameter): Name = "PackageDescription"; Value = "14-Pin plastic dual in-line package, Body 19.025 x 6.34 mm, Pitch 2.54 mm"; VariantName = "[No Variations]"
Add component (AddParameter): Name = "PackageReference"; Value = "SOT27-1"; VariantName = "[No Variations]"
Add component (AddParameter): Name = "PackageVersion"; Value = "Feb-03"; VariantName = "[No Variations]"
Add component (AddParameter): Name = "Packing"; Value = "Bulk"; VariantName = "[No Variations]"
Add component (AddParameter): Name = "PartNumber"; Value = "74HC00N"; VariantName = "[No Variations]"
Add component (AddParameter): Name = "RoHS"; Value = "TRUE"; VariantName = "[No Variations]"
Add component (AddParameter): Name = "Temperature Range"; Value = "-40 to 125 degC"; VariantName = "[No Variations]"
Add component (AddParameter): Name = "tpd (ns)"; Value = "7"; VariantName = "[No Variations]"
Add component (AddParameter): Name = "VCC (V)"; Value = "2 to 6"; VariantName = "[No Variations]"
Added Pin To Net: NetName=IMD_STATUS_OUTPUT Pin=U1-1
Added Pin To Net: NetName=AMS_STATUS_OUTPUT Pin=U1-2
Added Pin To Net: NetName=LATCH_OUT Pin=U1-3
Added Pin To Net: NetName=RC_OUT_1 Pin=U1-4
Added Pin To Net: NetName=IMD_STATUS_OUTPUT Pin=U1-5
Added Pin To Net: NetName=IMD_LED_IN Pin=U1-6
Added Pin To Net: NetName=GND Pin=U1-7
Added Pin To Net: NetName=AMS_LED_IN Pin=U1-8
Added Pin To Net: NetName=RC_OUT_1 Pin=U1-9
Added Pin To Net: NetName=AMS_STATUS_OUTPUT Pin=U1-10
Added Pin To Net: NetName=Relay_OUT_LED_IN Pin=U1-11
Added Pin To Net: NetName=RC_OUT_1 Pin=U1-12
Added Pin To Net: NetName=Relay_OUT Pin=U1-13
Added Pin To Net: NetName=+5 Pin=U1-14
Added Pin To Net: NetName=Reset_Button Pin=U3-1
Added Pin To Net: NetName=Reset_Button Pin=U3-2
Added Pin To Net: NetName=U3A_OUT Pin=U3-3
Added Pin To Net: NetName=Reset_Button Pin=U3-4
Added Pin To Net: NetName=Reset_Button Pin=U3-5
Added Pin To Net: NetName=U3B_OUT Pin=U3-6
Added Pin To Net: NetName=GND Pin=U3-7
Added Pin To Net: NetName=EXISTING_CLR_2 Pin=U3-8
Added Pin To Net: NetName=IMD_REAL Pin=U3-9
Added Pin To Net: NetName=U3B_OUT Pin=U3-10
Added Pin To Net: NetName=EXISTING_CLR_1 Pin=U3-11
Added Pin To Net: NetName=AMS_REAL Pin=U3-12
Added Pin To Net: NetName=U3A_OUT Pin=U3-13
Added Pin To Net: NetName=+5 Pin=U3-14
