Removed Pin From Net: NetName=+5 Pin=C6-2
Removed Pin From Net: NetName=+5 Pin=R24-2
Removed Pin From Net: NetName=+5 Pin=R26-2
Removed Pin From Net: NetName=+5 Pin=U1-14
Removed Pin From Net: NetName=+5 Pin=U3-14
Removed Pin From Net: NetName=+5 Pin=U7-14
Removed Pin From Net: NetName=+5 Pin=U9-14
Removed Pin From Net: NetName=+5 Pin=U10-14
Added Component: Designator=C6(CAPC2013X145X48ML20T23)
Add component (AddParameter): Name = "Manufacturer"; Value = "Vitramon"; VariantName = "[No Variations]"
Add component (AddParameter): Name = "Part Number"; Value = "VJ0805Y682KXAMT"; VariantName = "[No Variations]"
Added Pin To Net: NetName=+5V Pin=C6-1
Added Pin To Net: NetName=NetC5_1 Pin=C6-2
Added Pin To Net: NetName=+5V Pin=R24-2
Added Pin To Net: NetName=+5V Pin=R26-2
Added Pin To Net: NetName=+5V Pin=U1-14
Added Pin To Net: NetName=+5V Pin=U3-14
Added Pin To Net: NetName=+5V Pin=U7-14
Added Pin To Net: NetName=+5V Pin=U8-8
Added Pin To Net: NetName=+5V Pin=U9-14
Added Pin To Net: NetName=+5V Pin=U10-14
Added Member To Class: ClassName=ASURT_LATCH_SCH Member=Component U1 CD74HC32E
Added Member To Class: ClassName=ASURT_LATCH_SCH Member=Component U3 74HC00N
Added Rule: Name=Schematic Supply Nets_3
